1789795349.367338 client started (125707): version 3.7c, socket /tmp/tmux-1000/default, protocol 8
1789795349.367372 on Linux 7.2.5-200.fc44.x86_64 #1 SMP PREEMPT_DYNAMIC Fri Sep 11 15:11:05 UTC 2026
1789795349.367379 using libevent 2.1.13-stable poll
1789795349.367383 using ncurses 6.6 20251230
1789795349.367411 flags are 0x18010000
1789795349.367427 socket is /tmp/tmux-1000/default
1789795349.367446 trying connect
1789795349.367466 connect failed: Connection refused
1789795349.367477 lock file is /tmp/tmux-1000/default.lock
1789795349.367509 flock succeeded
1789795349.367514 got lock (6)
1789795349.367526 trying connect
1789795349.367536 connect failed: Connection refused
1789795349.367768 add peer 0x55fd54aa0cd0: 7 ((nil))
1789795349.368524 sending message 111 to peer 0x55fd54aa0cd0 (8 bytes)
1789795349.368538 sending message 111 to peer 0x55fd54aa0cd0 (8 bytes)
1789795349.368546 sending message 101 to peer 0x55fd54aa0cd0 (12 bytes)
1789795349.368553 sending message 109 to peer 0x55fd54aa0cd0 (4 bytes)
1789795349.368559 sending message 102 to peer 0x55fd54aa0cd0 (11 bytes)
1789795349.368566 sending message 108 to peer 0x55fd54aa0cd0 (25 bytes)
1789795349.368572 sending message 112 to peer 0x55fd54aa0cd0 (70 bytes)
1789795349.368578 sending message 112 to peer 0x55fd54aa0cd0 (5 bytes)
1789795349.368583 sending message 112 to peer 0x55fd54aa0cd0 (6 bytes)
1789795349.368587 sending message 112 to peer 0x55fd54aa0cd0 (6 bytes)
1789795349.368593 sending message 112 to peer 0x55fd54aa0cd0 (11 bytes)
1789795349.368597 sending message 112 to peer 0x55fd54aa0cd0 (10 bytes)
1789795349.368603 sending message 112 to peer 0x55fd54aa0cd0 (13 bytes)
1789795349.368608 sending message 112 to peer 0x55fd54aa0cd0 (14 bytes)
1789795349.368612 sending message 112 to peer 0x55fd54aa0cd0 (19 bytes)
1789795349.368618 sending message 112 to peer 0x55fd54aa0cd0 (11 bytes)
1789795349.368624 sending message 112 to peer 0x55fd54aa0cd0 (10 bytes)
1789795349.368629 sending message 112 to peer 0x55fd54aa0cd0 (15 bytes)
1789795349.368634 sending message 112 to peer 0x55fd54aa0cd0 (21 bytes)
1789795349.368638 sending message 112 to peer 0x55fd54aa0cd0 (13 bytes)
1789795349.368645 sending message 112 to peer 0x55fd54aa0cd0 (7 bytes)
1789795349.368653 sending message 112 to peer 0x55fd54aa0cd0 (13 bytes)
1789795349.368660 sending message 112 to peer 0x55fd54aa0cd0 (7 bytes)
1789795349.368666 sending message 112 to peer 0x55fd54aa0cd0 (13 bytes)
1789795349.368672 sending message 112 to peer 0x55fd54aa0cd0 (9 bytes)
1789795349.368680 sending message 112 to peer 0x55fd54aa0cd0 (21 bytes)
1789795349.368687 sending message 112 to peer 0x55fd54aa0cd0 (13 bytes)
1789795349.368693 sending message 112 to peer 0x55fd54aa0cd0 (9 bytes)
1789795349.368699 sending message 112 to peer 0x55fd54aa0cd0 (16 bytes)
1789795349.368704 sending message 112 to peer 0x55fd54aa0cd0 (13 bytes)
1789795349.368712 sending message 112 to peer 0x55fd54aa0cd0 (9 bytes)
1789795349.368719 sending message 112 to peer 0x55fd54aa0cd0 (9 bytes)
1789795349.368726 sending message 112 to peer 0x55fd54aa0cd0 (12 bytes)
1789795349.368732 sending message 112 to peer 0x55fd54aa0cd0 (8 bytes)
1789795349.368738 sending message 112 to peer 0x55fd54aa0cd0 (13 bytes)
1789795349.368778 sending message 112 to peer 0x55fd54aa0cd0 (7 bytes)
1789795349.368787 sending message 112 to peer 0x55fd54aa0cd0 (7 bytes)
1789795349.368793 sending message 112 to peer 0x55fd54aa0cd0 (9 bytes)
1789795349.368799 sending message 112 to peer 0x55fd54aa0cd0 (6 bytes)
1789795349.368805 sending message 112 to peer 0x55fd54aa0cd0 (9 bytes)
1789795349.368812 sending message 112 to peer 0x55fd54aa0cd0 (15 bytes)
1789795349.368824 sending message 112 to peer 0x55fd54aa0cd0 (13 bytes)
1789795349.368831 sending message 112 to peer 0x55fd54aa0cd0 (12 bytes)
1789795349.368836 sending message 112 to peer 0x55fd54aa0cd0 (8 bytes)
1789795349.368842 sending message 112 to peer 0x55fd54aa0cd0 (14 bytes)
1789795349.368849 sending message 112 to peer 0x55fd54aa0cd0 (9 bytes)
1789795349.368856 sending message 112 to peer 0x55fd54aa0cd0 (10 bytes)
1789795349.368869 sending message 112 to peer 0x55fd54aa0cd0 (10 bytes)
1789795349.368877 sending message 112 to peer 0x55fd54aa0cd0 (10 bytes)
1789795349.368884 sending message 112 to peer 0x55fd54aa0cd0 (10 bytes)
1789795349.368890 sending message 112 to peer 0x55fd54aa0cd0 (11 bytes)
1789795349.368911 sending message 112 to peer 0x55fd54aa0cd0 (12 bytes)
1789795349.368917 sending message 112 to peer 0x55fd54aa0cd0 (12 bytes)
1789795349.368923 sending message 112 to peer 0x55fd54aa0cd0 (12 bytes)
1789795349.368930 sending message 112 to peer 0x55fd54aa0cd0 (12 bytes)
1789795349.368936 sending message 112 to peer 0x55fd54aa0cd0 (12 bytes)
1789795349.368942 sending message 112 to peer 0x55fd54aa0cd0 (11 bytes)
1789795349.368949 sending message 112 to peer 0x55fd54aa0cd0 (11 bytes)
1789795349.368955 sending message 112 to peer 0x55fd54aa0cd0 (12 bytes)
1789795349.368963 sending message 112 to peer 0x55fd54aa0cd0 (12 bytes)
1789795349.368969 sending message 112 to peer 0x55fd54aa0cd0 (12 bytes)
1789795349.368975 sending message 112 to peer 0x55fd54aa0cd0 (12 bytes)
1789795349.368982 sending message 112 to peer 0x55fd54aa0cd0 (12 bytes)
1789795349.368989 sending message 112 to peer 0x55fd54aa0cd0 (9 bytes)
1789795349.368995 sending message 112 to peer 0x55fd54aa0cd0 (12 bytes)
1789795349.369003 sending message 112 to peer 0x55fd54aa0cd0 (13 bytes)
1789795349.369009 sending message 112 to peer 0x55fd54aa0cd0 (13 bytes)
1789795349.369015 sending message 112 to peer 0x55fd54aa0cd0 (13 bytes)
1789795349.369021 sending message 112 to peer 0x55fd54aa0cd0 (13 bytes)
1789795349.369027 sending message 112 to peer 0x55fd54aa0cd0 (13 bytes)
1789795349.369035 sending message 112 to peer 0x55fd54aa0cd0 (8 bytes)
1789795349.369041 sending message 112 to peer 0x55fd54aa0cd0 (11 bytes)
1789795349.369048 sending message 112 to peer 0x55fd54aa0cd0 (11 bytes)
1789795349.369054 sending message 112 to peer 0x55fd54aa0cd0 (11 bytes)
1789795349.369060 sending message 112 to peer 0x55fd54aa0cd0 (12 bytes)
1789795349.369067 sending message 112 to peer 0x55fd54aa0cd0 (12 bytes)
1789795349.369074 sending message 112 to peer 0x55fd54aa0cd0 (13 bytes)
1789795349.369080 sending message 112 to peer 0x55fd54aa0cd0 (12 bytes)
1789795349.369087 sending message 112 to peer 0x55fd54aa0cd0 (13 bytes)
1789795349.369093 sending message 112 to peer 0x55fd54aa0cd0 (13 bytes)
1789795349.369101 sending message 112 to peer 0x55fd54aa0cd0 (13 bytes)
1789795349.369106 sending message 112 to peer 0x55fd54aa0cd0 (8 bytes)
1789795349.369112 sending message 112 to peer 0x55fd54aa0cd0 (13 bytes)
1789795349.369117 sending message 112 to peer 0x55fd54aa0cd0 (13 bytes)
1789795349.369122 sending message 112 to peer 0x55fd54aa0cd0 (13 bytes)
1789795349.369128 sending message 112 to peer 0x55fd54aa0cd0 (13 bytes)
1789795349.369133 sending message 112 to peer 0x55fd54aa0cd0 (13 bytes)
1789795349.369140 sending message 112 to peer 0x55fd54aa0cd0 (12 bytes)
1789795349.369147 sending message 112 to peer 0x55fd54aa0cd0 (12 bytes)
1789795349.369154 sending message 112 to peer 0x55fd54aa0cd0 (13 bytes)
1789795349.369161 sending message 112 to peer 0x55fd54aa0cd0 (12 bytes)
1789795349.369167 sending message 112 to peer 0x55fd54aa0cd0 (13 bytes)
1789795349.369175 sending message 112 to peer 0x55fd54aa0cd0 (8 bytes)
1789795349.369189 sending message 112 to peer 0x55fd54aa0cd0 (13 bytes)
1789795349.369196 sending message 112 to peer 0x55fd54aa0cd0 (13 bytes)
1789795349.369201 sending message 112 to peer 0x55fd54aa0cd0 (13 bytes)
1789795349.369205 sending message 112 to peer 0x55fd54aa0cd0 (13 bytes)
1789795349.369211 sending message 112 to peer 0x55fd54aa0cd0 (13 bytes)
1789795349.369218 sending message 112 to peer 0x55fd54aa0cd0 (13 bytes)
1789795349.369237 sending message 112 to peer 0x55fd54aa0cd0 (13 bytes)
1789795349.369244 sending message 112 to peer 0x55fd54aa0cd0 (12 bytes)
1789795349.369249 sending message 112 to peer 0x55fd54aa0cd0 (12 bytes)
1789795349.369258 sending message 112 to peer 0x55fd54aa0cd0 (13 bytes)
1789795349.369265 sending message 112 to peer 0x55fd54aa0cd0 (8 bytes)
1789795349.369278 sending message 112 to peer 0x55fd54aa0cd0 (12 bytes)
1789795349.369284 sending message 112 to peer 0x55fd54aa0cd0 (13 bytes)
1789795349.369291 sending message 112 to peer 0x55fd54aa0cd0 (13 bytes)
1789795349.369298 sending message 112 to peer 0x55fd54aa0cd0 (13 bytes)
1789795349.369304 sending message 112 to peer 0x55fd54aa0cd0 (13 bytes)
1789795349.369311 sending message 112 to peer 0x55fd54aa0cd0 (13 bytes)
1789795349.369318 sending message 112 to peer 0x55fd54aa0cd0 (13 bytes)
1789795349.369324 sending message 112 to peer 0x55fd54aa0cd0 (13 bytes)
1789795349.369331 sending message 112 to peer 0x55fd54aa0cd0 (13 bytes)
1789795349.369337 sending message 112 to peer 0x55fd54aa0cd0 (12 bytes)
1789795349.369342 sending message 112 to peer 0x55fd54aa0cd0 (10 bytes)
1789795349.369348 sending message 112 to peer 0x55fd54aa0cd0 (12 bytes)
1789795349.369353 sending message 112 to peer 0x55fd54aa0cd0 (13 bytes)
1789795349.369359 sending message 112 to peer 0x55fd54aa0cd0 (12 bytes)
1789795349.369364 sending message 112 to peer 0x55fd54aa0cd0 (13 bytes)
1789795349.369370 sending message 112 to peer 0x55fd54aa0cd0 (13 bytes)
1789795349.369376 sending message 112 to peer 0x55fd54aa0cd0 (13 bytes)
1789795349.369383 sending message 112 to peer 0x55fd54aa0cd0 (13 bytes)
1789795349.369390 sending message 112 to peer 0x55fd54aa0cd0 (13 bytes)
1789795349.369396 sending message 112 to peer 0x55fd54aa0cd0 (13 bytes)
1789795349.369402 sending message 112 to peer 0x55fd54aa0cd0 (13 bytes)
1789795349.369409 sending message 112 to peer 0x55fd54aa0cd0 (10 bytes)
1789795349.369415 sending message 112 to peer 0x55fd54aa0cd0 (13 bytes)
1789795349.369420 sending message 112 to peer 0x55fd54aa0cd0 (12 bytes)
1789795349.369425 sending message 112 to peer 0x55fd54aa0cd0 (12 bytes)
1789795349.369431 sending message 112 to peer 0x55fd54aa0cd0 (13 bytes)
1789795349.369436 sending message 112 to peer 0x55fd54aa0cd0 (10 bytes)
1789795349.369442 sending message 112 to peer 0x55fd54aa0cd0 (10 bytes)
1789795349.369448 sending message 112 to peer 0x55fd54aa0cd0 (10 bytes)
1789795349.369454 sending message 112 to peer 0x55fd54aa0cd0 (12 bytes)
1789795349.369460 sending message 112 to peer 0x55fd54aa0cd0 (13 bytes)
1789795349.369465 sending message 112 to peer 0x55fd54aa0cd0 (13 bytes)
1789795349.369471 sending message 112 to peer 0x55fd54aa0cd0 (13 bytes)
1789795349.369477 sending message 112 to peer 0x55fd54aa0cd0 (13 bytes)
1789795349.369485 sending message 112 to peer 0x55fd54aa0cd0 (13 bytes)
1789795349.369492 sending message 112 to peer 0x55fd54aa0cd0 (10 bytes)
1789795349.369500 sending message 112 to peer 0x55fd54aa0cd0 (11 bytes)
1789795349.369506 sending message 112 to peer 0x55fd54aa0cd0 (12 bytes)
1789795349.369513 sending message 112 to peer 0x55fd54aa0cd0 (12 bytes)
1789795349.369520 sending message 112 to peer 0x55fd54aa0cd0 (12 bytes)
1789795349.369527 sending message 112 to peer 0x55fd54aa0cd0 (12 bytes)
1789795349.369533 sending message 112 to peer 0x55fd54aa0cd0 (12 bytes)
1789795349.369540 sending message 112 to peer 0x55fd54aa0cd0 (11 bytes)
1789795349.369545 sending message 112 to peer 0x55fd54aa0cd0 (12 bytes)
1789795349.369551 sending message 112 to peer 0x55fd54aa0cd0 (12 bytes)
1789795349.369558 sending message 112 to peer 0x55fd54aa0cd0 (13 bytes)
1789795349.369563 sending message 112 to peer 0x55fd54aa0cd0 (13 bytes)
1789795349.369569 sending message 112 to peer 0x55fd54aa0cd0 (13 bytes)
1789795349.369575 sending message 112 to peer 0x55fd54aa0cd0 (13 bytes)
1789795349.369582 sending message 112 to peer 0x55fd54aa0cd0 (13 bytes)
1789795349.369588 sending message 112 to peer 0x55fd54aa0cd0 (10 bytes)
1789795349.369596 sending message 112 to peer 0x55fd54aa0cd0 (9 bytes)
1789795349.369603 sending message 112 to peer 0x55fd54aa0cd0 (12 bytes)
1789795349.369610 sending message 112 to peer 0x55fd54aa0cd0 (13 bytes)
1789795349.369617 sending message 112 to peer 0x55fd54aa0cd0 (13 bytes)
1789795349.369624 sending message 112 to peer 0x55fd54aa0cd0 (13 bytes)
1789795349.369630 sending message 112 to peer 0x55fd54aa0cd0 (13 bytes)
1789795349.369642 sending message 112 to peer 0x55fd54aa0cd0 (13 bytes)
1789795349.369649 sending message 112 to peer 0x55fd54aa0cd0 (9 bytes)
1789795349.369655 sending message 112 to peer 0x55fd54aa0cd0 (12 bytes)
1789795349.369662 sending message 112 to peer 0x55fd54aa0cd0 (13 bytes)
1789795349.369669 sending message 112 to peer 0x55fd54aa0cd0 (13 bytes)
1789795349.369677 sending message 112 to peer 0x55fd54aa0cd0 (13 bytes)
1789795349.369683 sending message 112 to peer 0x55fd54aa0cd0 (13 bytes)
1789795349.369689 sending message 112 to peer 0x55fd54aa0cd0 (13 bytes)
1789795349.369695 sending message 112 to peer 0x55fd54aa0cd0 (11 bytes)
1789795349.369701 sending message 112 to peer 0x55fd54aa0cd0 (12 bytes)
1789795349.369709 sending message 112 to peer 0x55fd54aa0cd0 (13 bytes)
1789795349.369715 sending message 112 to peer 0x55fd54aa0cd0 (13 bytes)
1789795349.369721 sending message 112 to peer 0x55fd54aa0cd0 (13 bytes)
1789795349.369727 sending message 112 to peer 0x55fd54aa0cd0 (13 bytes)
1789795349.369735 sending message 112 to peer 0x55fd54aa0cd0 (13 bytes)
1789795349.369741 sending message 112 to peer 0x55fd54aa0cd0 (11 bytes)
1789795349.369747 sending message 112 to peer 0x55fd54aa0cd0 (12 bytes)
1789795349.369754 sending message 112 to peer 0x55fd54aa0cd0 (12 bytes)
1789795349.369760 sending message 112 to peer 0x55fd54aa0cd0 (12 bytes)
1789795349.369766 sending message 112 to peer 0x55fd54aa0cd0 (12 bytes)
1789795349.369771 sending message 112 to peer 0x55fd54aa0cd0 (12 bytes)
1789795349.369777 sending message 112 to peer 0x55fd54aa0cd0 (22 bytes)
1789795349.369784 sending message 112 to peer 0x55fd54aa0cd0 (12 bytes)
1789795349.369789 sending message 112 to peer 0x55fd54aa0cd0 (9 bytes)
1789795349.369795 sending message 112 to peer 0x55fd54aa0cd0 (6 bytes)
1789795349.369801 sending message 112 to peer 0x55fd54aa0cd0 (13 bytes)
1789795349.369806 sending message 112 to peer 0x55fd54aa0cd0 (10 bytes)
1789795349.369813 sending message 112 to peer 0x55fd54aa0cd0 (15 bytes)
1789795349.369818 sending message 112 to peer 0x55fd54aa0cd0 (11 bytes)
1789795349.369824 sending message 112 to peer 0x55fd54aa0cd0 (9 bytes)
1789795349.369830 sending message 112 to peer 0x55fd54aa0cd0 (70 bytes)
1789795349.369836 sending message 112 to peer 0x55fd54aa0cd0 (69 bytes)
1789795349.369858 sending message 112 to peer 0x55fd54aa0cd0 (34 bytes)
1789795349.369865 sending message 112 to peer 0x55fd54aa0cd0 (34 bytes)
1789795349.369874 sending message 112 to peer 0x55fd54aa0cd0 (69 bytes)
1789795349.369881 sending message 112 to peer 0x55fd54aa0cd0 (12 bytes)
1789795349.369887 sending message 112 to peer 0x55fd54aa0cd0 (10 bytes)
1789795349.369893 sending message 112 to peer 0x55fd54aa0cd0 (10 bytes)
1789795349.369899 sending message 112 to peer 0x55fd54aa0cd0 (15 bytes)
1789795349.369907 sending message 112 to peer 0x55fd54aa0cd0 (11 bytes)
1789795349.369915 sending message 112 to peer 0x55fd54aa0cd0 (10 bytes)
1789795349.369921 sending message 112 to peer 0x55fd54aa0cd0 (10 bytes)
1789795349.369927 sending message 112 to peer 0x55fd54aa0cd0 (17 bytes)
1789795349.369933 sending message 112 to peer 0x55fd54aa0cd0 (10 bytes)
1789795349.369941 sending message 112 to peer 0x55fd54aa0cd0 (13 bytes)
1789795349.369946 sending message 112 to peer 0x55fd54aa0cd0 (17 bytes)
1789795349.369951 sending message 112 to peer 0x55fd54aa0cd0 (5 bytes)
1789795349.369958 sending message 112 to peer 0x55fd54aa0cd0 (9 bytes)
1789795349.369964 sending message 112 to peer 0x55fd54aa0cd0 (15 bytes)
1789795349.369971 sending message 104 to peer 0x55fd54aa0cd0 (0 bytes)
1789795349.369979 sending message 110 to peer 0x55fd54aa0cd0 (0 bytes)
1789795349.369987 sending message 107 to peer 0x55fd54aa0cd0 (4 bytes)
1789795349.369994 sending message 105 to peer 0x55fd54aa0cd0 (54 bytes)
1789795349.370001 sending message 105 to peer 0x55fd54aa0cd0 (40 bytes)
1789795349.370008 sending message 105 to peer 0x55fd54aa0cd0 (80 bytes)
1789795349.370014 sending message 105 to peer 0x55fd54aa0cd0 (21 bytes)
1789795349.370020 sending message 105 to peer 0x55fd54aa0cd0 (52 bytes)
1789795349.370033 sending message 105 to peer 0x55fd54aa0cd0 (11 bytes)
1789795349.370039 sending message 105 to peer 0x55fd54aa0cd0 (21 bytes)
1789795349.370045 sending message 105 to peer 0x55fd54aa0cd0 (23 bytes)
1789795349.370051 sending message 105 to peer 0x55fd54aa0cd0 (15 bytes)
1789795349.370057 sending message 105 to peer 0x55fd54aa0cd0 (15 bytes)
1789795349.370064 sending message 105 to peer 0x55fd54aa0cd0 (18 bytes)
1789795349.370070 sending message 105 to peer 0x55fd54aa0cd0 (47 bytes)
1789795349.370075 sending message 105 to peer 0x55fd54aa0cd0 (25 bytes)
1789795349.370080 sending message 105 to peer 0x55fd54aa0cd0 (13 bytes)
1789795349.370086 sending message 105 to peer 0x55fd54aa0cd0 (17 bytes)
1789795349.370091 sending message 105 to peer 0x55fd54aa0cd0 (35 bytes)
1789795349.370096 sending message 105 to peer 0x55fd54aa0cd0 (12 bytes)
1789795349.370105 sending message 105 to peer 0x55fd54aa0cd0 (1923 bytes)
1789795349.370114 sending message 105 to peer 0x55fd54aa0cd0 (25 bytes)
1789795349.370120 sending message 105 to peer 0x55fd54aa0cd0 (16 bytes)
1789795349.370126 sending message 105 to peer 0x55fd54aa0cd0 (20 bytes)
1789795349.370132 sending message 105 to peer 0x55fd54aa0cd0 (125 bytes)
1789795349.370138 sending message 105 to peer 0x55fd54aa0cd0 (51 bytes)
1789795349.370143 sending message 105 to peer 0x55fd54aa0cd0 (73 bytes)
1789795349.370150 sending message 105 to peer 0x55fd54aa0cd0 (53 bytes)
1789795349.370157 sending message 105 to peer 0x55fd54aa0cd0 (32 bytes)
1789795349.370164 sending message 105 to peer 0x55fd54aa0cd0 (50 bytes)
1789795349.370171 sending message 105 to peer 0x55fd54aa0cd0 (160 bytes)
1789795349.370208 sending message 105 to peer 0x55fd54aa0cd0 (29 bytes)
1789795349.370220 sending message 105 to peer 0x55fd54aa0cd0 (35 bytes)
1789795349.370228 sending message 105 to peer 0x55fd54aa0cd0 (15 bytes)
1789795349.370233 sending message 105 to peer 0x55fd54aa0cd0 (8 bytes)
1789795349.370239 sending message 105 to peer 0x55fd54aa0cd0 (33 bytes)
1789795349.370244 sending message 105 to peer 0x55fd54aa0cd0 (26 bytes)
1789795349.370249 sending message 105 to peer 0x55fd54aa0cd0 (23 bytes)
1789795349.370255 sending message 105 to peer 0x55fd54aa0cd0 (9 bytes)
1789795349.370261 sending message 105 to peer 0x55fd54aa0cd0 (26 bytes)
1789795349.370268 sending message 105 to peer 0x55fd54aa0cd0 (16 bytes)
1789795349.370274 sending message 105 to peer 0x55fd54aa0cd0 (36 bytes)
1789795349.370281 sending message 105 to peer 0x55fd54aa0cd0 (25 bytes)
1789795349.370287 sending message 105 to peer 0x55fd54aa0cd0 (118 bytes)
1789795349.370293 sending message 105 to peer 0x55fd54aa0cd0 (31 bytes)
1789795349.370299 sending message 105 to peer 0x55fd54aa0cd0 (15 bytes)
1789795349.370304 sending message 105 to peer 0x55fd54aa0cd0 (52 bytes)
1789795349.370311 sending message 105 to peer 0x55fd54aa0cd0 (23 bytes)
1789795349.370317 sending message 105 to peer 0x55fd54aa0cd0 (25 bytes)
1789795349.370323 sending message 105 to peer 0x55fd54aa0cd0 (18 bytes)
1789795349.370328 sending message 105 to peer 0x55fd54aa0cd0 (59 bytes)
1789795349.370335 sending message 105 to peer 0x55fd54aa0cd0 (25 bytes)
1789795349.370342 sending message 105 to peer 0x55fd54aa0cd0 (11 bytes)
1789795349.370348 sending message 105 to peer 0x55fd54aa0cd0 (16 bytes)
1789795349.370355 sending message 105 to peer 0x55fd54aa0cd0 (18 bytes)
1789795349.370360 sending message 105 to peer 0x55fd54aa0cd0 (17 bytes)
1789795349.370366 sending message 105 to peer 0x55fd54aa0cd0 (20 bytes)
1789795349.370371 sending message 105 to peer 0x55fd54aa0cd0 (16 bytes)
1789795349.370379 sending message 105 to peer 0x55fd54aa0cd0 (60 bytes)
1789795349.370385 sending message 105 to peer 0x55fd54aa0cd0 (35 bytes)
1789795349.370391 sending message 105 to peer 0x55fd54aa0cd0 (40 bytes)
1789795349.370397 sending message 105 to peer 0x55fd54aa0cd0 (19 bytes)
1789795349.370403 sending message 105 to peer 0x55fd54aa0cd0 (25 bytes)
1789795349.370408 sending message 105 to peer 0x55fd54aa0cd0 (11 bytes)
1789795349.370414 sending message 105 to peer 0x55fd54aa0cd0 (8 bytes)
1789795349.370428 sending message 105 to peer 0x55fd54aa0cd0 (32 bytes)
1789795349.370435 sending message 105 to peer 0x55fd54aa0cd0 (10 bytes)
1789795349.370442 sending message 105 to peer 0x55fd54aa0cd0 (24 bytes)
1789795349.370449 sending message 105 to peer 0x55fd54aa0cd0 (31 bytes)
1789795349.370458 sending message 105 to peer 0x55fd54aa0cd0 (38 bytes)
1789795349.370463 sending message 105 to peer 0x55fd54aa0cd0 (31 bytes)
1789795349.370468 sending message 105 to peer 0x55fd54aa0cd0 (12 bytes)
1789795349.370474 sending message 105 to peer 0x55fd54aa0cd0 (20 bytes)
1789795349.370479 sending message 106 to peer 0x55fd54aa0cd0 (0 bytes)
1789795349.370578 sending message 200 to peer 0x55fd54aa0cd0 (4 bytes)
1789795349.370586 client loop enter
1789795349.370609 client_signal: Child exited
1789795349.508207 peer 0x55fd54aa0cd0 message 207
1789795349.508221 sending message 208 to peer 0x55fd54aa0cd0 (0 bytes)
1789795351.931137 peer 0x55fd54aa0cd0 message 203
1789795351.931274 sending message 205 to peer 0x55fd54aa0cd0 (0 bytes)
1789795351.932746 peer 0x55fd54aa0cd0 message 204
1789795351.932775 client loop exit
